-- @description query01 for PXF over Hive view table - Negative case
-- start_matchsubs
--                                                                                               
-- # create a match/subs
--
-- m/message:hive.default.no_such_hive_table/
-- s/hive.default.no_such_hive_table/default.no_such_hive_table/g
--
-- m/DETAIL/
-- s/DETAIL/CONTEXT/
--
-- end_matchsubs
SELECT *  FROM pxf_none_hive_table;
ERROR:  PXF server error : NoSuchObjectException(message:hive.default.no_such_hive_table table not found)
HINT:  Check the PXF logs located in the 'logs-dir' directory on host 'mdw' or 'set client_min_messages=LOG' for additional details.
CONTEXT:  External table pxf_none_hive_table
