-- start_ignore
-- end_ignore
-- @description query01 for JDBC query from view

SELECT * FROM pxf_jdbc_read_view_no_params WHERE name='client_min_messages';
        name         | setting
---------------------+---------
 client_min_messages | notice
(1 row)

SELECT * FROM pxf_jdbc_read_view_session_params WHERE name='client_min_messages';
        name         | setting
---------------------+---------
 client_min_messages | debug1
(1 row)